2026-08-24T21:18:43  draft=draftA  raw_name='Totally Fictional Player'  position=WR  nfl_team=FA
2026-08-24T21:18:48  draft=draftA  raw_name='Totally Fictional Player'  position=WR  nfl_team=FA
2026-08-24T21:18:53  draft=draftA  raw_name='Totally Fictional Player'  position=WR  nfl_team=FA
2026-08-24T21:18:58  draft=draftA  raw_name='Totally Fictional Player'  position=WR  nfl_team=FA
2026-08-24T21:19:02  draft=draftA  raw_name='Totally Fictional Player'  position=WR  nfl_team=FA
2026-08-24T21:19:08  draft=draftA  raw_name='Totally Fictional Player'  position=WR  nfl_team=FA
2026-08-24T21:19:15  draft=draftA  raw_name='Totally Fictional Player'  position=WR  nfl_team=FA
2026-08-24T21:19:20  draft=draftA  raw_name='Totally Fictional Player'  position=WR  nfl_team=FA
2026-08-24T21:19:26  draft=draftA  raw_name='Totally Fictional Player'  position=WR  nfl_team=FA
2026-08-24T21:19:31  draft=draftA  raw_name='Totally Fictional Player'  position=WR  nfl_team=FA
2026-08-24T21:19:36  draft=draftA  raw_name='Totally Fictional Player'  position=WR  nfl_team=FA
2026-08-24T21:20:31  draft=draftA  raw_name='Totally Fictional Player'  position=WR  nfl_team=FA
2026-08-24T21:20:36  draft=draftA  raw_name='Totally Fictional Player'  position=WR  nfl_team=FA
2026-08-24T21:20:40  draft=draftA  raw_name='Totally Fictional Player'  position=WR  nfl_team=FA
2026-08-24T21:20:45  draft=draftA  raw_name='Totally Fictional Player'  position=WR  nfl_team=FA
2026-08-24T21:20:49  draft=draftA  raw_name='Totally Fictional Player'  position=WR  nfl_team=FA
2026-08-24T21:20:55  draft=draftA  raw_name='Totally Fictional Player'  position=WR  nfl_team=FA
2026-08-24T21:21:01  draft=draftA  raw_name='Totally Fictional Player'  position=WR  nfl_team=FA
2026-08-24T21:21:07  draft=draftA  raw_name='Totally Fictional Player'  position=WR  nfl_team=FA
2026-08-24T21:21:12  draft=draftA  raw_name='Totally Fictional Player'  position=WR  nfl_team=FA
2026-08-24T21:21:17  draft=draftA  raw_name='Totally Fictional Player'  position=WR  nfl_team=FA
2026-08-24T21:21:22  draft=draftA  raw_name='Totally Fictional Player'  position=WR  nfl_team=FA
2026-08-24T21:21:59  draft=draftA  raw_name='Totally Fictional Player'  position=WR  nfl_team=FA
2026-08-24T21:22:04  draft=draftA  raw_name='Totally Fictional Player'  position=WR  nfl_team=FA
2026-08-24T21:22:09  draft=draftA  raw_name='Totally Fictional Player'  position=WR  nfl_team=FA
2026-08-24T21:22:13  draft=draftA  raw_name='Totally Fictional Player'  position=WR  nfl_team=FA
2026-08-24T21:22:17  draft=draftA  raw_name='Totally Fictional Player'  position=WR  nfl_team=FA
2026-08-24T21:22:24  draft=draftA  raw_name='Totally Fictional Player'  position=WR  nfl_team=FA
2026-08-24T21:22:30  draft=draftA  raw_name='Totally Fictional Player'  position=WR  nfl_team=FA
2026-08-24T21:22:35  draft=draftA  raw_name='Totally Fictional Player'  position=WR  nfl_team=FA
2026-08-24T21:22:41  draft=draftA  raw_name='Totally Fictional Player'  position=WR  nfl_team=FA
2026-08-24T21:22:46  draft=draftA  raw_name='Totally Fictional Player'  position=WR  nfl_team=FA
2026-08-24T21:22:51  draft=draftA  raw_name='Totally Fictional Player'  position=WR  nfl_team=FA
2026-08-24T21:22:56  draft=draftA  raw_name='Totally Fictional Player'  position=WR  nfl_team=FA
2026-08-24T21:23:00  draft=draftA  raw_name='Totally Fictional Player'  position=WR  nfl_team=FA
2026-08-24T21:23:04  draft=draftA  raw_name='Totally Fictional Player'  position=WR  nfl_team=FA
2026-08-24T21:23:08  draft=draftA  raw_name='Totally Fictional Player'  position=WR  nfl_team=FA
2026-08-24T21:23:12  draft=draftA  raw_name='Totally Fictional Player'  position=WR  nfl_team=FA
2026-08-24T21:23:15  draft=draftA  raw_name='Totally Fictional Player'  position=WR  nfl_team=FA
2026-08-24T21:23:18  draft=draftA  raw_name='Totally Fictional Player'  position=WR  nfl_team=FA
2026-08-24T21:23:21  draft=draftA  raw_name='Totally Fictional Player'  position=WR  nfl_team=FA
2026-08-24T21:23:24  draft=draftA  raw_name='Totally Fictional Player'  position=WR  nfl_team=FA
2026-08-24T21:23:30  draft=draftA  raw_name='Totally Fictional Player'  position=WR  nfl_team=FA
2026-08-24T21:23:36  draft=draftA  raw_name='Totally Fictional Player'  position=WR  nfl_team=FA
2026-08-24T21:23:41  draft=draftA  raw_name='Totally Fictional Player'  position=WR  nfl_team=FA
2026-08-24T21:23:47  draft=draftA  raw_name='Totally Fictional Player'  position=WR  nfl_team=FA
2026-08-24T21:23:52  draft=draftA  raw_name='Totally Fictional Player'  position=WR  nfl_team=FA
2026-08-24T21:23:57  draft=draftA  raw_name='Totally Fictional Player'  position=WR  nfl_team=FA
2026-08-24T21:24:02  draft=draftA  raw_name='Totally Fictional Player'  position=WR  nfl_team=FA
2026-08-24T21:24:06  draft=draftA  raw_name='Totally Fictional Player'  position=WR  nfl_team=FA
2026-08-24T21:24:10  draft=draftA  raw_name='Totally Fictional Player'  position=WR  nfl_team=FA
2026-08-24T21:24:17  draft=draftA  raw_name='Totally Fictional Player'  position=WR  nfl_team=FA
2026-08-24T21:24:23  draft=draftA  raw_name='Totally Fictional Player'  position=WR  nfl_team=FA
2026-08-24T21:24:29  draft=draftA  raw_name='Totally Fictional Player'  position=WR  nfl_team=FA
2026-08-24T21:24:35  draft=draftA  raw_name='Totally Fictional Player'  position=WR  nfl_team=FA
2026-08-24T21:24:40  draft=draftA  raw_name='Totally Fictional Player'  position=WR  nfl_team=FA
2026-08-24T21:24:45  draft=draftA  raw_name='Totally Fictional Player'  position=WR  nfl_team=FA
2026-08-24T21:24:50  draft=draftA  raw_name='Totally Fictional Player'  position=WR  nfl_team=FA
2026-08-24T21:24:54  draft=draftA  raw_name='Totally Fictional Player'  position=WR  nfl_team=FA
2026-08-24T21:24:58  draft=draftA  raw_name='Totally Fictional Player'  position=WR  nfl_team=FA
2026-08-24T21:25:02  draft=draftA  raw_name='Totally Fictional Player'  position=WR  nfl_team=FA
2026-08-24T21:25:06  draft=draftA  raw_name='Totally Fictional Player'  position=WR  nfl_team=FA
2026-08-24T21:25:10  draft=draftA  raw_name='Totally Fictional Player'  position=WR  nfl_team=FA
2026-08-24T21:25:13  draft=draftA  raw_name='Totally Fictional Player'  position=WR  nfl_team=FA
2026-08-24T21:25:16  draft=draftA  raw_name='Totally Fictional Player'  position=WR  nfl_team=FA
2026-08-24T21:25:18  draft=draftA  raw_name='Totally Fictional Player'  position=WR  nfl_team=FA
2026-08-24T21:25:25  draft=draftA  raw_name='Totally Fictional Player'  position=WR  nfl_team=FA
2026-08-24T21:25:31  draft=draftA  raw_name='Totally Fictional Player'  position=WR  nfl_team=FA
2026-08-24T21:25:36  draft=draftA  raw_name='Totally Fictional Player'  position=WR  nfl_team=FA
2026-08-24T21:25:42  draft=draftA  raw_name='Totally Fictional Player'  position=WR  nfl_team=FA
2026-08-24T21:25:47  draft=draftA  raw_name='Totally Fictional Player'  position=WR  nfl_team=FA
2026-08-24T21:25:53  draft=draftA  raw_name='Totally Fictional Player'  position=WR  nfl_team=FA
2026-08-24T21:25:57  draft=draftA  raw_name='Totally Fictional Player'  position=WR  nfl_team=FA
2026-08-24T21:26:02  draft=draftA  raw_name='Totally Fictional Player'  position=WR  nfl_team=FA
2026-08-24T21:26:06  draft=draftA  raw_name='Totally Fictional Player'  position=WR  nfl_team=FA
2026-08-24T21:26:13  draft=draftA  raw_name='Totally Fictional Player'  position=WR  nfl_team=FA
2026-08-24T21:26:19  draft=draftA  raw_name='Totally Fictional Player'  position=WR  nfl_team=FA
2026-08-24T21:26:25  draft=draftA  raw_name='Totally Fictional Player'  position=WR  nfl_team=FA
2026-08-24T21:26:30  draft=draftA  raw_name='Totally Fictional Player'  position=WR  nfl_team=FA
2026-08-24T21:26:36  draft=draftA  raw_name='Totally Fictional Player'  position=WR  nfl_team=FA
2026-08-24T21:26:41  draft=draftA  raw_name='Totally Fictional Player'  position=WR  nfl_team=FA
2026-08-24T21:26:45  draft=draftA  raw_name='Totally Fictional Player'  position=WR  nfl_team=FA
2026-08-24T21:26:50  draft=draftA  raw_name='Totally Fictional Player'  position=WR  nfl_team=FA
2026-08-25T06:37:05  draft=draftA  raw_name='Totally Fictional Player'  position=WR  nfl_team=FA
2026-08-25T06:37:07  draft=draftA  raw_name='Totally Fictional Player'  position=WR  nfl_team=FA
2026-08-25T06:37:08  draft=draftA  raw_name='Totally Fictional Player'  position=WR  nfl_team=FA
2026-08-25T06:37:10  draft=draftA  raw_name='Totally Fictional Player'  position=WR  nfl_team=FA
2026-08-25T06:37:11  draft=draftA  raw_name='Totally Fictional Player'  position=WR  nfl_team=FA
2026-08-25T06:37:13  draft=draftA  raw_name='Totally Fictional Player'  position=WR  nfl_team=FA
2026-08-25T06:37:15  draft=draftA  raw_name='Totally Fictional Player'  position=WR  nfl_team=FA
2026-08-25T06:37:17  draft=draftA  raw_name='Totally Fictional Player'  position=WR  nfl_team=FA
2026-08-25T06:37:18  draft=draftA  raw_name='Totally Fictional Player'  position=WR  nfl_team=FA
2026-08-25T06:37:20  draft=draftA  raw_name='Totally Fictional Player'  position=WR  nfl_team=FA
2026-08-25T06:37:22  draft=draftA  raw_name='Totally Fictional Player'  position=WR  nfl_team=FA
2026-08-25T06:37:23  draft=draftA  raw_name='Totally Fictional Player'  position=WR  nfl_team=FA
2026-08-25T06:37:25  draft=draftA  raw_name='Totally Fictional Player'  position=WR  nfl_team=FA
2026-08-25T06:37:26  draft=draftA  raw_name='Totally Fictional Player'  position=WR  nfl_team=FA
2026-08-25T06:37:28  draft=draftA  raw_name='Totally Fictional Player'  position=WR  nfl_team=FA
2026-08-25T06:37:29  draft=draftA  raw_name='Totally Fictional Player'  position=WR  nfl_team=FA
2026-08-25T06:37:30  draft=draftA  raw_name='Totally Fictional Player'  position=WR  nfl_team=FA
2026-08-25T06:37:32  draft=draftA  raw_name='Totally Fictional Player'  position=WR  nfl_team=FA
2026-08-25T06:37:33  draft=draftA  raw_name='Totally Fictional Player'  position=WR  nfl_team=FA
2026-08-25T06:37:34  draft=draftA  raw_name='Totally Fictional Player'  position=WR  nfl_team=FA
2026-08-25T06:37:36  draft=draftA  raw_name='Totally Fictional Player'  position=WR  nfl_team=FA
2026-08-25T06:37:38  draft=draftA  raw_name='Totally Fictional Player'  position=WR  nfl_team=FA
2026-08-25T06:37:40  draft=draftA  raw_name='Totally Fictional Player'  position=WR  nfl_team=FA
2026-08-25T06:37:42  draft=draftA  raw_name='Totally Fictional Player'  position=WR  nfl_team=FA
2026-08-25T06:37:43  draft=draftA  raw_name='Totally Fictional Player'  position=WR  nfl_team=FA
2026-08-25T06:37:45  draft=draftA  raw_name='Totally Fictional Player'  position=WR  nfl_team=FA
2026-08-25T06:37:47  draft=draftA  raw_name='Totally Fictional Player'  position=WR  nfl_team=FA
2026-08-25T06:37:49  draft=draftA  raw_name='Totally Fictional Player'  position=WR  nfl_team=FA
2026-08-25T06:37:50  draft=draftA  raw_name='Totally Fictional Player'  position=WR  nfl_team=FA
2026-08-25T06:37:52  draft=draftA  raw_name='Totally Fictional Player'  position=WR  nfl_team=FA
2026-08-25T06:37:54  draft=draftA  raw_name='Totally Fictional Player'  position=WR  nfl_team=FA
2026-08-25T06:37:56  draft=draftA  raw_name='Totally Fictional Player'  position=WR  nfl_team=FA
2026-08-25T06:37:57  draft=draftA  raw_name='Totally Fictional Player'  position=WR  nfl_team=FA
2026-08-25T06:37:59  draft=draftA  raw_name='Totally Fictional Player'  position=WR  nfl_team=FA
2026-08-25T06:38:01  draft=draftA  raw_name='Totally Fictional Player'  position=WR  nfl_team=FA
2026-08-25T06:38:02  draft=draftA  raw_name='Totally Fictional Player'  position=WR  nfl_team=FA
2026-08-25T06:38:58  draft=draftA  raw_name='Totally Fictional Player'  position=WR  nfl_team=FA
2026-08-25T06:38:59  draft=draftA  raw_name='Totally Fictional Player'  position=WR  nfl_team=FA
2026-08-25T06:39:01  draft=draftA  raw_name='Totally Fictional Player'  position=WR  nfl_team=FA
2026-08-25T06:39:02  draft=draftA  raw_name='Totally Fictional Player'  position=WR  nfl_team=FA
2026-08-25T06:39:03  draft=draftA  raw_name='Totally Fictional Player'  position=WR  nfl_team=FA
2026-08-25T06:39:05  draft=draftA  raw_name='Totally Fictional Player'  position=WR  nfl_team=FA
2026-08-25T06:39:07  draft=draftA  raw_name='Totally Fictional Player'  position=WR  nfl_team=FA
2026-08-25T06:39:09  draft=draftA  raw_name='Totally Fictional Player'  position=WR  nfl_team=FA
2026-08-25T06:39:11  draft=draftA  raw_name='Totally Fictional Player'  position=WR  nfl_team=FA
2026-08-25T06:39:12  draft=draftA  raw_name='Totally Fictional Player'  position=WR  nfl_team=FA
2026-08-25T06:39:14  draft=draftA  raw_name='Totally Fictional Player'  position=WR  nfl_team=FA
2026-08-25T06:39:16  draft=draftA  raw_name='Totally Fictional Player'  position=WR  nfl_team=FA
2026-08-25T06:39:17  draft=draftA  raw_name='Totally Fictional Player'  position=WR  nfl_team=FA
2026-08-25T06:39:19  draft=draftA  raw_name='Totally Fictional Player'  position=WR  nfl_team=FA
2026-08-25T06:39:20  draft=draftA  raw_name='Totally Fictional Player'  position=WR  nfl_team=FA
2026-08-25T06:39:21  draft=draftA  raw_name='Totally Fictional Player'  position=WR  nfl_team=FA
2026-08-25T06:39:22  draft=draftA  raw_name='Totally Fictional Player'  position=WR  nfl_team=FA
2026-08-25T06:39:24  draft=draftA  raw_name='Totally Fictional Player'  position=WR  nfl_team=FA
2026-08-25T06:39:25  draft=draftA  raw_name='Totally Fictional Player'  position=WR  nfl_team=FA
2026-08-25T06:39:26  draft=draftA  raw_name='Totally Fictional Player'  position=WR  nfl_team=FA
2026-08-25T06:39:27  draft=draftA  raw_name='Totally Fictional Player'  position=WR  nfl_team=FA
2026-08-25T06:39:29  draft=draftA  raw_name='Totally Fictional Player'  position=WR  nfl_team=FA
2026-08-25T06:39:31  draft=draftA  raw_name='Totally Fictional Player'  position=WR  nfl_team=FA
2026-08-25T06:39:33  draft=draftA  raw_name='Totally Fictional Player'  position=WR  nfl_team=FA
2026-08-25T06:39:35  draft=draftA  raw_name='Totally Fictional Player'  position=WR  nfl_team=FA
2026-08-25T06:39:36  draft=draftA  raw_name='Totally Fictional Player'  position=WR  nfl_team=FA
2026-08-25T06:39:38  draft=draftA  raw_name='Totally Fictional Player'  position=WR  nfl_team=FA
2026-08-25T06:39:39  draft=draftA  raw_name='Totally Fictional Player'  position=WR  nfl_team=FA
2026-08-25T06:39:41  draft=draftA  raw_name='Totally Fictional Player'  position=WR  nfl_team=FA
2026-08-25T06:39:42  draft=draftA  raw_name='Totally Fictional Player'  position=WR  nfl_team=FA
2026-08-25T06:39:44  draft=draftA  raw_name='Totally Fictional Player'  position=WR  nfl_team=FA
2026-08-25T06:39:46  draft=draftA  raw_name='Totally Fictional Player'  position=WR  nfl_team=FA
2026-08-25T06:39:48  draft=draftA  raw_name='Totally Fictional Player'  position=WR  nfl_team=FA
2026-08-25T06:39:50  draft=draftA  raw_name='Totally Fictional Player'  position=WR  nfl_team=FA
2026-08-25T06:39:51  draft=draftA  raw_name='Totally Fictional Player'  position=WR  nfl_team=FA
2026-08-25T06:39:53  draft=draftA  raw_name='Totally Fictional Player'  position=WR  nfl_team=FA
2026-08-25T06:39:54  draft=draftA  raw_name='Totally Fictional Player'  position=WR  nfl_team=FA
2026-08-25T06:39:56  draft=draftA  raw_name='Totally Fictional Player'  position=WR  nfl_team=FA
2026-08-25T06:41:20  draft=draftA  raw_name='Totally Fictional Player'  position=WR  nfl_team=FA
2026-08-25T06:41:55  draft=draftA  raw_name='Totally Fictional Player'  position=WR  nfl_team=FA
2026-08-25T06:44:32  draft=draftA  raw_name='Totally Fictional Player'  position=WR  nfl_team=FA
2026-08-25T06:49:48  draft=draftA  raw_name='Totally Fictional Player'  position=WR  nfl_team=FA
2026-08-25T06:51:47  draft=draftA  raw_name='Totally Fictional Player'  position=WR  nfl_team=FA
2026-08-29T12:54:02  draft=draftA  raw_name='Totally Fictional Player'  position=WR  nfl_team=FA
2026-08-29T12:58:46  draft=draftA  raw_name='Totally Fictional Player'  position=WR  nfl_team=FA
2026-08-29T13:09:43  draft=draftA  raw_name='Totally Fictional Player'  position=WR  nfl_team=FA
2026-08-29T13:12:38  draft=draftA  raw_name='Totally Fictional Player'  position=WR  nfl_team=FA
2026-08-29T13:18:18  draft=draftA  raw_name='Totally Fictional Player'  position=WR  nfl_team=FA
2026-08-29T13:20:01  draft=draftA  raw_name='Totally Fictional Player'  position=WR  nfl_team=FA
2026-08-29T13:22:53  draft=draftA  raw_name='Totally Fictional Player'  position=WR  nfl_team=FA
2026-08-29T13:25:18  draft=draftA  raw_name='Totally Fictional Player'  position=WR  nfl_team=FA
2026-08-29T13:31:50  draft=draftA  raw_name='Totally Fictional Player'  position=WR  nfl_team=FA
2026-08-29T13:32:58  draft=draftA  raw_name='Totally Fictional Player'  position=WR  nfl_team=FA
2026-08-29T14:12:41  draft=1399487519753531392  raw_name='Andy Borregales'  position=K  nfl_team=NE
2026-08-29T14:14:35  draft=1399487519753531392  raw_name='Devin Neal'  position=RB  nfl_team=NO
2026-08-29T14:14:35  draft=1399487519753531392  raw_name='Najee Harris'  position=RB  nfl_team=NYG
2026-08-29T14:14:35  draft=1399487519753531392  raw_name='Keenan Allen'  position=WR  nfl_team=IND
2026-08-29T14:41:04  draft=draftA  raw_name='Totally Fictional Player'  position=WR  nfl_team=FA
2026-08-29T14:45:38  draft=draftA  raw_name='Totally Fictional Player'  position=WR  nfl_team=FA
2026-08-29T14:52:58  draft=draftA  raw_name='Totally Fictional Player'  position=WR  nfl_team=FA
2026-08-29T14:54:29  draft=draftA  raw_name='Totally Fictional Player'  position=WR  nfl_team=FA
2026-08-29T14:56:43  draft=draftA  raw_name='Totally Fictional Player'  position=WR  nfl_team=FA
2026-08-29T14:59:49  draft=draftA  raw_name='Totally Fictional Player'  position=WR  nfl_team=FA
2026-08-29T15:02:57  draft=draftA  raw_name='Totally Fictional Player'  position=WR  nfl_team=FA
2026-08-29T15:07:25  draft=draftA  raw_name='Totally Fictional Player'  position=WR  nfl_team=FA
2026-08-29T15:10:28  draft=draftA  raw_name='Totally Fictional Player'  position=WR  nfl_team=FA
2026-08-29T15:26:12  draft=draftA  raw_name='Totally Fictional Player'  position=WR  nfl_team=FA
2026-08-29T15:32:32  draft=draftA  raw_name='Totally Fictional Player'  position=WR  nfl_team=FA
2026-08-29T15:34:22  draft=draftA  raw_name='Totally Fictional Player'  position=WR  nfl_team=FA
2026-08-29T15:36:39  draft=draftA  raw_name='Totally Fictional Player'  position=WR  nfl_team=FA
2026-08-29T15:40:29  draft=draftA  raw_name='Totally Fictional Player'  position=WR  nfl_team=FA
2026-08-29T15:45:57  draft=draftA  raw_name='Totally Fictional Player'  position=WR  nfl_team=FA
2026-08-29T15:53:43  draft=draftA  raw_name='Totally Fictional Player'  position=WR  nfl_team=FA
2026-08-29T15:58:26  draft=draftA  raw_name='Totally Fictional Player'  position=WR  nfl_team=FA
2026-08-29T18:57:23  draft=1399509453258100736  raw_name='Andy Borregales'  position=K  nfl_team=NE
2026-08-29T18:57:23  draft=1399509453258100736  raw_name='Devin Neal'  position=RB  nfl_team=NO
2026-08-29T18:57:23  draft=1399509453258100736  raw_name='Najee Harris'  position=RB  nfl_team=NYG
2026-08-29T18:57:23  draft=1399509453258100736  raw_name='Joe Mixon'  position=RB  nfl_team=
2026-08-29T18:57:23  draft=1399509453258100736  raw_name='Keenan Allen'  position=WR  nfl_team=IND
